DEBUG - 2025-12-12 12:52:32 --> Session: Class initialized using 'CodeIgniter\Session\Handlers\FileHandler' driver.
CRITICAL - 2025-12-12 12:52:35 --> ErrorException: Undefined property: CodeIgniter\View\View::$include
[Method: GET, Route: chat]
in APPPATH\Views\pages\chat.php on line 1.
 1 APPPATH\Views\pages\chat.php(1): CodeIgniter\Debug\Exceptions->errorHandler(2, 'Undefined property: CodeIgniter\\View\\View::$include', 'D:\\web\\sportspace\\sportspace\\app\\Views\\pages\\chat.php', 1)
 2 SYSTEMPATH\View\View.php(226): include('D:\\web\\sportspace\\sportspace\\app\\Views\\pages\\chat.php')
 3 SYSTEMPATH\View\View.php(229): CodeIgniter\View\View->CodeIgniter\View\{closure}()
 4 SYSTEMPATH\Common.php(1167): CodeIgniter\View\View->render('pages/chat', [], true)
 5 APPPATH\Controllers\Chat.php(18): view('pages/chat', [...])
 6 SYSTEMPATH\CodeIgniter.php(933): App\Controllers\Chat->index()
 7 SYSTEMPATH\CodeIgniter.php(507): CodeIgniter\CodeIgniter->runController(Object(App\Controllers\Chat))
 8 SYSTEMPATH\CodeIgniter.php(354): CodeIgniter\CodeIgniter->handleRequest(null, Object(Config\Cache), false)
 9 SYSTEMPATH\Boot.php(363): CodeIgniter\CodeIgniter->run()
10 SYSTEMPATH\Boot.php(68): CodeIgniter\Boot::runCodeIgniter(Object(CodeIgniter\CodeIgniter))
11 FCPATH\index.php(59): CodeIgniter\Boot::bootWeb(Object(Config\Paths))
12 SYSTEMPATH\rewrite.php(44): require_once('D:\\web\\sportspace\\sportspace\\public\\index.php')
CRITICAL - 2025-12-12 12:52:40 --> ErrorException: Undefined property: CodeIgniter\View\View::$include
[Method: GET, Route: chat]
in APPPATH\Views\pages\chat.php on line 1.
 1 APPPATH\Views\pages\chat.php(1): CodeIgniter\Debug\Exceptions->errorHandler(2, 'Undefined property: CodeIgniter\\View\\View::$include', 'D:\\web\\sportspace\\sportspace\\app\\Views\\pages\\chat.php', 1)
 2 SYSTEMPATH\View\View.php(226): include('D:\\web\\sportspace\\sportspace\\app\\Views\\pages\\chat.php')
 3 SYSTEMPATH\View\View.php(229): CodeIgniter\View\View->CodeIgniter\View\{closure}()
 4 SYSTEMPATH\Common.php(1167): CodeIgniter\View\View->render('pages/chat', [], true)
 5 APPPATH\Controllers\Chat.php(18): view('pages/chat', [...])
 6 SYSTEMPATH\CodeIgniter.php(933): App\Controllers\Chat->index()
 7 SYSTEMPATH\CodeIgniter.php(507): CodeIgniter\CodeIgniter->runController(Object(App\Controllers\Chat))
 8 SYSTEMPATH\CodeIgniter.php(354): CodeIgniter\CodeIgniter->handleRequest(null, Object(Config\Cache), false)
 9 SYSTEMPATH\Boot.php(363): CodeIgniter\CodeIgniter->run()
10 SYSTEMPATH\Boot.php(68): CodeIgniter\Boot::runCodeIgniter(Object(CodeIgniter\CodeIgniter))
11 FCPATH\index.php(59): CodeIgniter\Boot::bootWeb(Object(Config\Paths))
12 SYSTEMPATH\rewrite.php(44): require_once('D:\\web\\sportspace\\sportspace\\public\\index.php')
CRITICAL - 2025-12-12 12:52:41 --> ErrorException: Undefined property: CodeIgniter\View\View::$include
[Method: GET, Route: chat]
in APPPATH\Views\pages\chat.php on line 1.
 1 APPPATH\Views\pages\chat.php(1): CodeIgniter\Debug\Exceptions->errorHandler(2, 'Undefined property: CodeIgniter\\View\\View::$include', 'D:\\web\\sportspace\\sportspace\\app\\Views\\pages\\chat.php', 1)
 2 SYSTEMPATH\View\View.php(226): include('D:\\web\\sportspace\\sportspace\\app\\Views\\pages\\chat.php')
 3 SYSTEMPATH\View\View.php(229): CodeIgniter\View\View->CodeIgniter\View\{closure}()
 4 SYSTEMPATH\Common.php(1167): CodeIgniter\View\View->render('pages/chat', [], true)
 5 APPPATH\Controllers\Chat.php(18): view('pages/chat', [...])
 6 SYSTEMPATH\CodeIgniter.php(933): App\Controllers\Chat->index()
 7 SYSTEMPATH\CodeIgniter.php(507): CodeIgniter\CodeIgniter->runController(Object(App\Controllers\Chat))
 8 SYSTEMPATH\CodeIgniter.php(354): CodeIgniter\CodeIgniter->handleRequest(null, Object(Config\Cache), false)
 9 SYSTEMPATH\Boot.php(363): CodeIgniter\CodeIgniter->run()
10 SYSTEMPATH\Boot.php(68): CodeIgniter\Boot::runCodeIgniter(Object(CodeIgniter\CodeIgniter))
11 FCPATH\index.php(59): CodeIgniter\Boot::bootWeb(Object(Config\Paths))
12 SYSTEMPATH\rewrite.php(44): require_once('D:\\web\\sportspace\\sportspace\\public\\index.php')
CRITICAL - 2025-12-12 12:52:42 --> ErrorException: Undefined property: CodeIgniter\View\View::$include
[Method: GET, Route: chat]
in APPPATH\Views\pages\chat.php on line 1.
 1 APPPATH\Views\pages\chat.php(1): CodeIgniter\Debug\Exceptions->errorHandler(2, 'Undefined property: CodeIgniter\\View\\View::$include', 'D:\\web\\sportspace\\sportspace\\app\\Views\\pages\\chat.php', 1)
 2 SYSTEMPATH\View\View.php(226): include('D:\\web\\sportspace\\sportspace\\app\\Views\\pages\\chat.php')
 3 SYSTEMPATH\View\View.php(229): CodeIgniter\View\View->CodeIgniter\View\{closure}()
 4 SYSTEMPATH\Common.php(1167): CodeIgniter\View\View->render('pages/chat', [], true)
 5 APPPATH\Controllers\Chat.php(18): view('pages/chat', [...])
 6 SYSTEMPATH\CodeIgniter.php(933): App\Controllers\Chat->index()
 7 SYSTEMPATH\CodeIgniter.php(507): CodeIgniter\CodeIgniter->runController(Object(App\Controllers\Chat))
 8 SYSTEMPATH\CodeIgniter.php(354): CodeIgniter\CodeIgniter->handleRequest(null, Object(Config\Cache), false)
 9 SYSTEMPATH\Boot.php(363): CodeIgniter\CodeIgniter->run()
10 SYSTEMPATH\Boot.php(68): CodeIgniter\Boot::runCodeIgniter(Object(CodeIgniter\CodeIgniter))
11 FCPATH\index.php(59): CodeIgniter\Boot::bootWeb(Object(Config\Paths))
12 SYSTEMPATH\rewrite.php(44): require_once('D:\\web\\sportspace\\sportspace\\public\\index.php')
CRITICAL - 2025-12-12 12:52:43 --> ErrorException: Undefined property: CodeIgniter\View\View::$include
[Method: GET, Route: chat]
in APPPATH\Views\pages\chat.php on line 1.
 1 APPPATH\Views\pages\chat.php(1): CodeIgniter\Debug\Exceptions->errorHandler(2, 'Undefined property: CodeIgniter\\View\\View::$include', 'D:\\web\\sportspace\\sportspace\\app\\Views\\pages\\chat.php', 1)
 2 SYSTEMPATH\View\View.php(226): include('D:\\web\\sportspace\\sportspace\\app\\Views\\pages\\chat.php')
 3 SYSTEMPATH\View\View.php(229): CodeIgniter\View\View->CodeIgniter\View\{closure}()
 4 SYSTEMPATH\Common.php(1167): CodeIgniter\View\View->render('pages/chat', [], true)
 5 APPPATH\Controllers\Chat.php(18): view('pages/chat', [...])
 6 SYSTEMPATH\CodeIgniter.php(933): App\Controllers\Chat->index()
 7 SYSTEMPATH\CodeIgniter.php(507): CodeIgniter\CodeIgniter->runController(Object(App\Controllers\Chat))
 8 SYSTEMPATH\CodeIgniter.php(354): CodeIgniter\CodeIgniter->handleRequest(null, Object(Config\Cache), false)
 9 SYSTEMPATH\Boot.php(363): CodeIgniter\CodeIgniter->run()
10 SYSTEMPATH\Boot.php(68): CodeIgniter\Boot::runCodeIgniter(Object(CodeIgniter\CodeIgniter))
11 FCPATH\index.php(59): CodeIgniter\Boot::bootWeb(Object(Config\Paths))
12 SYSTEMPATH\rewrite.php(44): require_once('D:\\web\\sportspace\\sportspace\\public\\index.php')
CRITICAL - 2025-12-12 12:52:43 --> ErrorException: Undefined property: CodeIgniter\View\View::$include
[Method: GET, Route: chat]
in APPPATH\Views\pages\chat.php on line 1.
 1 APPPATH\Views\pages\chat.php(1): CodeIgniter\Debug\Exceptions->errorHandler(2, 'Undefined property: CodeIgniter\\View\\View::$include', 'D:\\web\\sportspace\\sportspace\\app\\Views\\pages\\chat.php', 1)
 2 SYSTEMPATH\View\View.php(226): include('D:\\web\\sportspace\\sportspace\\app\\Views\\pages\\chat.php')
 3 SYSTEMPATH\View\View.php(229): CodeIgniter\View\View->CodeIgniter\View\{closure}()
 4 SYSTEMPATH\Common.php(1167): CodeIgniter\View\View->render('pages/chat', [], true)
 5 APPPATH\Controllers\Chat.php(18): view('pages/chat', [...])
 6 SYSTEMPATH\CodeIgniter.php(933): App\Controllers\Chat->index()
 7 SYSTEMPATH\CodeIgniter.php(507): CodeIgniter\CodeIgniter->runController(Object(App\Controllers\Chat))
 8 SYSTEMPATH\CodeIgniter.php(354): CodeIgniter\CodeIgniter->handleRequest(null, Object(Config\Cache), false)
 9 SYSTEMPATH\Boot.php(363): CodeIgniter\CodeIgniter->run()
10 SYSTEMPATH\Boot.php(68): CodeIgniter\Boot::runCodeIgniter(Object(CodeIgniter\CodeIgniter))
11 FCPATH\index.php(59): CodeIgniter\Boot::bootWeb(Object(Config\Paths))
12 SYSTEMPATH\rewrite.php(44): require_once('D:\\web\\sportspace\\sportspace\\public\\index.php')
CRITICAL - 2025-12-12 12:52:43 --> ErrorException: Undefined property: CodeIgniter\View\View::$include
[Method: GET, Route: chat]
in APPPATH\Views\pages\chat.php on line 1.
 1 APPPATH\Views\pages\chat.php(1): CodeIgniter\Debug\Exceptions->errorHandler(2, 'Undefined property: CodeIgniter\\View\\View::$include', 'D:\\web\\sportspace\\sportspace\\app\\Views\\pages\\chat.php', 1)
 2 SYSTEMPATH\View\View.php(226): include('D:\\web\\sportspace\\sportspace\\app\\Views\\pages\\chat.php')
 3 SYSTEMPATH\View\View.php(229): CodeIgniter\View\View->CodeIgniter\View\{closure}()
 4 SYSTEMPATH\Common.php(1167): CodeIgniter\View\View->render('pages/chat', [], true)
 5 APPPATH\Controllers\Chat.php(18): view('pages/chat', [...])
 6 SYSTEMPATH\CodeIgniter.php(933): App\Controllers\Chat->index()
 7 SYSTEMPATH\CodeIgniter.php(507): CodeIgniter\CodeIgniter->runController(Object(App\Controllers\Chat))
 8 SYSTEMPATH\CodeIgniter.php(354): CodeIgniter\CodeIgniter->handleRequest(null, Object(Config\Cache), false)
 9 SYSTEMPATH\Boot.php(363): CodeIgniter\CodeIgniter->run()
10 SYSTEMPATH\Boot.php(68): CodeIgniter\Boot::runCodeIgniter(Object(CodeIgniter\CodeIgniter))
11 FCPATH\index.php(59): CodeIgniter\Boot::bootWeb(Object(Config\Paths))
12 SYSTEMPATH\rewrite.php(44): require_once('D:\\web\\sportspace\\sportspace\\public\\index.php')
CRITICAL - 2025-12-12 12:52:44 --> ErrorException: Undefined property: CodeIgniter\View\View::$include
[Method: GET, Route: chat]
in APPPATH\Views\pages\chat.php on line 1.
 1 APPPATH\Views\pages\chat.php(1): CodeIgniter\Debug\Exceptions->errorHandler(2, 'Undefined property: CodeIgniter\\View\\View::$include', 'D:\\web\\sportspace\\sportspace\\app\\Views\\pages\\chat.php', 1)
 2 SYSTEMPATH\View\View.php(226): include('D:\\web\\sportspace\\sportspace\\app\\Views\\pages\\chat.php')
 3 SYSTEMPATH\View\View.php(229): CodeIgniter\View\View->CodeIgniter\View\{closure}()
 4 SYSTEMPATH\Common.php(1167): CodeIgniter\View\View->render('pages/chat', [], true)
 5 APPPATH\Controllers\Chat.php(18): view('pages/chat', [...])
 6 SYSTEMPATH\CodeIgniter.php(933): App\Controllers\Chat->index()
 7 SYSTEMPATH\CodeIgniter.php(507): CodeIgniter\CodeIgniter->runController(Object(App\Controllers\Chat))
 8 SYSTEMPATH\CodeIgniter.php(354): CodeIgniter\CodeIgniter->handleRequest(null, Object(Config\Cache), false)
 9 SYSTEMPATH\Boot.php(363): CodeIgniter\CodeIgniter->run()
10 SYSTEMPATH\Boot.php(68): CodeIgniter\Boot::runCodeIgniter(Object(CodeIgniter\CodeIgniter))
11 FCPATH\index.php(59): CodeIgniter\Boot::bootWeb(Object(Config\Paths))
12 SYSTEMPATH\rewrite.php(44): require_once('D:\\web\\sportspace\\sportspace\\public\\index.php')
DEBUG - 2025-12-12 12:56:09 --> Session: Class initialized using 'CodeIgniter\Session\Handlers\FileHandler' driver.
DEBUG - 2025-12-12 12:56:14 --> Session: Class initialized using 'CodeIgniter\Session\Handlers\FileHandler' driver.
DEBUG - 2025-12-12 12:56:16 --> Session: Class initialized using 'CodeIgniter\Session\Handlers\FileHandler' driver.
DEBUG - 2025-12-12 12:56:18 --> Session: Class initialized using 'CodeIgniter\Session\Handlers\FileHandler' driver.
DEBUG - 2025-12-12 12:56:18 --> Session: Class initialized using 'CodeIgniter\Session\Handlers\FileHandler' driver.
DEBUG - 2025-12-12 12:56:20 --> Session: Class initialized using 'CodeIgniter\Session\Handlers\FileHandler' driver.
DEBUG - 2025-12-12 12:56:20 --> Session: Class initialized using 'CodeIgniter\Session\Handlers\FileHandler' driver.
DEBUG - 2025-12-12 12:56:27 --> Session: Class initialized using 'CodeIgniter\Session\Handlers\FileHandler' driver.
DEBUG - 2025-12-12 12:56:27 --> Session: Class initialized using 'CodeIgniter\Session\Handlers\FileHandler' driver.
DEBUG - 2025-12-12 12:57:03 --> Session: Class initialized using 'CodeIgniter\Session\Handlers\FileHandler' driver.
DEBUG - 2025-12-12 12:57:12 --> Session: Class initialized using 'CodeIgniter\Session\Handlers\FileHandler' driver.
DEBUG - 2025-12-12 12:57:18 --> Session: Class initialized using 'CodeIgniter\Session\Handlers\FileHandler' driver.
DEBUG - 2025-12-12 12:57:28 --> Session: Class initialized using 'CodeIgniter\Session\Handlers\FileHandler' driver.
DEBUG - 2025-12-12 12:57:51 --> Session: Class initialized using 'CodeIgniter\Session\Handlers\FileHandler' driver.
DEBUG - 2025-12-12 12:57:52 --> Session: Class initialized using 'CodeIgniter\Session\Handlers\FileHandler' driver.
DEBUG - 2025-12-12 12:57:56 --> Session: Class initialized using 'CodeIgniter\Session\Handlers\FileHandler' driver.
DEBUG - 2025-12-12 12:57:56 --> Session: Class initialized using 'CodeIgniter\Session\Handlers\FileHandler' driver.
DEBUG - 2025-12-12 12:57:57 --> Session: Class initialized using 'CodeIgniter\Session\Handlers\FileHandler' driver.
DEBUG - 2025-12-12 12:57:57 --> Session: Class initialized using 'CodeIgniter\Session\Handlers\FileHandler' driver.
DEBUG - 2025-12-12 12:58:03 --> Session: Class initialized using 'CodeIgniter\Session\Handlers\FileHandler' driver.
DEBUG - 2025-12-12 12:58:05 --> Session: Class initialized using 'CodeIgniter\Session\Handlers\FileHandler' driver.
DEBUG - 2025-12-12 12:58:07 --> Session: Class initialized using 'CodeIgniter\Session\Handlers\FileHandler' driver.
DEBUG - 2025-12-12 12:58:16 --> Session: Class initialized using 'CodeIgniter\Session\Handlers\FileHandler' driver.
DEBUG - 2025-12-12 12:58:22 --> Session: Class initialized using 'CodeIgniter\Session\Handlers\FileHandler' driver.
DEBUG - 2025-12-12 12:58:22 --> Session: Class initialized using 'CodeIgniter\Session\Handlers\FileHandler' driver.
DEBUG - 2025-12-12 12:58:24 --> Session: Class initialized using 'CodeIgniter\Session\Handlers\FileHandler' driver.
DEBUG - 2025-12-12 12:58:26 --> Session: Class initialized using 'CodeIgniter\Session\Handlers\FileHandler' driver.
DEBUG - 2025-12-12 12:58:34 --> Session: Class initialized using 'CodeIgniter\Session\Handlers\FileHandler' driver.
DEBUG - 2025-12-12 12:58:34 --> Session: Class initialized using 'CodeIgniter\Session\Handlers\FileHandler' driver.
DEBUG - 2025-12-12 12:58:46 --> Session: Class initialized using 'CodeIgniter\Session\Handlers\FileHandler' driver.
DEBUG - 2025-12-12 12:58:49 --> Session: Class initialized using 'CodeIgniter\Session\Handlers\FileHandler' driver.
DEBUG - 2025-12-12 12:58:58 --> Session: Class initialized using 'CodeIgniter\Session\Handlers\FileHandler' driver.
DEBUG - 2025-12-12 12:58:58 --> Session: Class initialized using 'CodeIgniter\Session\Handlers\FileHandler' driver.
CRITICAL - 2025-12-12 12:59:02 --> ErrorException: Undefined property: CodeIgniter\View\View::$include
[Method: GET, Route: chat]
in APPPATH\Views\pages\chat.php on line 1.
 1 APPPATH\Views\pages\chat.php(1): CodeIgniter\Debug\Exceptions->errorHandler(2, 'Undefined property: CodeIgniter\\View\\View::$include', 'D:\\web\\sportspace\\sportspace\\app\\Views\\pages\\chat.php', 1)
 2 SYSTEMPATH\View\View.php(226): include('D:\\web\\sportspace\\sportspace\\app\\Views\\pages\\chat.php')
 3 SYSTEMPATH\View\View.php(229): CodeIgniter\View\View->CodeIgniter\View\{closure}()
 4 SYSTEMPATH\Common.php(1167): CodeIgniter\View\View->render('pages/chat', [], true)
 5 APPPATH\Controllers\Chat.php(18): view('pages/chat', [...])
 6 SYSTEMPATH\CodeIgniter.php(933): App\Controllers\Chat->index()
 7 SYSTEMPATH\CodeIgniter.php(507): CodeIgniter\CodeIgniter->runController(Object(App\Controllers\Chat))
 8 SYSTEMPATH\CodeIgniter.php(354): CodeIgniter\CodeIgniter->handleRequest(null, Object(Config\Cache), false)
 9 SYSTEMPATH\Boot.php(363): CodeIgniter\CodeIgniter->run()
10 SYSTEMPATH\Boot.php(68): CodeIgniter\Boot::runCodeIgniter(Object(CodeIgniter\CodeIgniter))
11 FCPATH\index.php(59): CodeIgniter\Boot::bootWeb(Object(Config\Paths))
12 SYSTEMPATH\rewrite.php(44): require_once('D:\\web\\sportspace\\sportspace\\public\\index.php')
DEBUG - 2025-12-12 12:59:04 --> Session: Class initialized using 'CodeIgniter\Session\Handlers\FileHandler' driver.
WARNING - 2025-12-12 12:59:07 --> [DEPRECATED] Creation of dynamic property App\Controllers\Promo::$PromoModel is deprecated in APPPATH\Controllers\Promo.php on line 12.
 1 SYSTEMPATH\CodeIgniter.php(903): App\Controllers\Promo->__construct()
 2 SYSTEMPATH\CodeIgniter.php(498): CodeIgniter\CodeIgniter->createController()
 3 SYSTEMPATH\CodeIgniter.php(354): CodeIgniter\CodeIgniter->handleRequest(null, Object(Config\Cache), false)
 4 SYSTEMPATH\Boot.php(363): CodeIgniter\CodeIgniter->run()
 5 SYSTEMPATH\Boot.php(68): CodeIgniter\Boot::runCodeIgniter(Object(CodeIgniter\CodeIgniter))
 6 FCPATH\index.php(59): CodeIgniter\Boot::bootWeb(Object(Config\Paths))
 7 SYSTEMPATH\rewrite.php(44): require_once('D:\\web\\sportspace\\sportspace\\public\\index.php')
DEBUG - 2025-12-12 12:59:07 --> Session: Class initialized using 'CodeIgniter\Session\Handlers\FileHandler' driver.
DEBUG - 2025-12-12 12:59:09 --> Session: Class initialized using 'CodeIgniter\Session\Handlers\FileHandler' driver.
DEBUG - 2025-12-12 12:59:11 --> Session: Class initialized using 'CodeIgniter\Session\Handlers\FileHandler' driver.
DEBUG - 2025-12-12 14:42:57 --> Session: Class initialized using 'CodeIgniter\Session\Handlers\FileHandler' driver.
DEBUG - 2025-12-12 14:43:01 --> Session: Class initialized using 'CodeIgniter\Session\Handlers\FileHandler' driver.
DEBUG - 2025-12-12 14:43:12 --> Session: Class initialized using 'CodeIgniter\Session\Handlers\FileHandler' driver.
DEBUG - 2025-12-12 14:43:15 --> Session: Class initialized using 'CodeIgniter\Session\Handlers\FileHandler' driver.
CRITICAL - 2025-12-12 14:43:16 --> ErrorException: Undefined property: CodeIgniter\View\View::$include
[Method: GET, Route: chat]
in APPPATH\Views\pages\chat.php on line 1.
 1 APPPATH\Views\pages\chat.php(1): CodeIgniter\Debug\Exceptions->errorHandler(2, 'Undefined property: CodeIgniter\\View\\View::$include', 'D:\\web\\sportspace\\sportspace\\app\\Views\\pages\\chat.php', 1)
 2 SYSTEMPATH\View\View.php(226): include('D:\\web\\sportspace\\sportspace\\app\\Views\\pages\\chat.php')
 3 SYSTEMPATH\View\View.php(229): CodeIgniter\View\View->CodeIgniter\View\{closure}()
 4 SYSTEMPATH\Common.php(1167): CodeIgniter\View\View->render('pages/chat', [], true)
 5 APPPATH\Controllers\Chat.php(18): view('pages/chat', [...])
 6 SYSTEMPATH\CodeIgniter.php(933): App\Controllers\Chat->index()
 7 SYSTEMPATH\CodeIgniter.php(507): CodeIgniter\CodeIgniter->runController(Object(App\Controllers\Chat))
 8 SYSTEMPATH\CodeIgniter.php(354): CodeIgniter\CodeIgniter->handleRequest(null, Object(Config\Cache), false)
 9 SYSTEMPATH\Boot.php(363): CodeIgniter\CodeIgniter->run()
10 SYSTEMPATH\Boot.php(68): CodeIgniter\Boot::runCodeIgniter(Object(CodeIgniter\CodeIgniter))
11 FCPATH\index.php(59): CodeIgniter\Boot::bootWeb(Object(Config\Paths))
12 SYSTEMPATH\rewrite.php(44): require_once('D:\\web\\sportspace\\sportspace\\public\\index.php')
DEBUG - 2025-12-12 14:43:19 --> Session: Class initialized using 'CodeIgniter\Session\Handlers\FileHandler' driver.
WARNING - 2025-12-12 14:43:20 --> [DEPRECATED] Creation of dynamic property App\Controllers\Promo::$PromoModel is deprecated in APPPATH\Controllers\Promo.php on line 12.
 1 SYSTEMPATH\CodeIgniter.php(903): App\Controllers\Promo->__construct()
 2 SYSTEMPATH\CodeIgniter.php(498): CodeIgniter\CodeIgniter->createController()
 3 SYSTEMPATH\CodeIgniter.php(354): CodeIgniter\CodeIgniter->handleRequest(null, Object(Config\Cache), false)
 4 SYSTEMPATH\Boot.php(363): CodeIgniter\CodeIgniter->run()
 5 SYSTEMPATH\Boot.php(68): CodeIgniter\Boot::runCodeIgniter(Object(CodeIgniter\CodeIgniter))
 6 FCPATH\index.php(59): CodeIgniter\Boot::bootWeb(Object(Config\Paths))
 7 SYSTEMPATH\rewrite.php(44): require_once('D:\\web\\sportspace\\sportspace\\public\\index.php')
DEBUG - 2025-12-12 14:43:20 --> Session: Class initialized using 'CodeIgniter\Session\Handlers\FileHandler' driver.
DEBUG - 2025-12-12 14:43:26 --> Session: Class initialized using 'CodeIgniter\Session\Handlers\FileHandler' driver.
DEBUG - 2025-12-12 14:43:56 --> Session: Class initialized using 'CodeIgniter\Session\Handlers\FileHandler' driver.
DEBUG - 2025-12-12 14:43:58 --> Session: Class initialized using 'CodeIgniter\Session\Handlers\FileHandler' driver.
DEBUG - 2025-12-12 14:44:10 --> Session: Class initialized using 'CodeIgniter\Session\Handlers\FileHandler' driver.
DEBUG - 2025-12-12 14:44:16 --> Session: Class initialized using 'CodeIgniter\Session\Handlers\FileHandler' driver.
DEBUG - 2025-12-12 14:44:16 --> Session: Class initialized using 'CodeIgniter\Session\Handlers\FileHandler' driver.
DEBUG - 2025-12-12 14:44:20 --> Session: Class initialized using 'CodeIgniter\Session\Handlers\FileHandler' driver.
DEBUG - 2025-12-12 14:44:23 --> Session: Class initialized using 'CodeIgniter\Session\Handlers\FileHandler' driver.
DEBUG - 2025-12-12 14:44:33 --> Session: Class initialized using 'CodeIgniter\Session\Handlers\FileHandler' driver.
DEBUG - 2025-12-12 14:44:34 --> Session: Class initialized using 'CodeIgniter\Session\Handlers\FileHandler' driver.
DEBUG - 2025-12-12 14:44:46 --> Session: Class initialized using 'CodeIgniter\Session\Handlers\FileHandler' driver.
DEBUG - 2025-12-12 14:45:14 --> Session: Class initialized using 'CodeIgniter\Session\Handlers\FileHandler' driver.
DEBUG - 2025-12-12 14:45:19 --> Session: Class initialized using 'CodeIgniter\Session\Handlers\FileHandler' driver.
CRITICAL - 2025-12-12 14:45:32 --> CodeIgniter\View\Exceptions\ViewException: Invalid file: "pages/hubungi.php"
[Method: GET, Route: hubungi]
in SYSTEMPATH\Exceptions\FrameworkException.php on line 39.
 1 SYSTEMPATH\View\View.php(214): CodeIgniter\Exceptions\FrameworkException::forInvalidFile('pages/hubungi.php')
 2 SYSTEMPATH\Common.php(1167): CodeIgniter\View\View->render('pages/hubungi', [], true)
 3 APPPATH\Config\Routes.php(75): view('pages/hubungi')
 4 SYSTEMPATH\CodeIgniter.php(875): CodeIgniter\Router\RouteCollection->{closure}()
 5 SYSTEMPATH\CodeIgniter.php(494): CodeIgniter\CodeIgniter->startController()
 6 SYSTEMPATH\CodeIgniter.php(354): CodeIgniter\CodeIgniter->handleRequest(null, Object(Config\Cache), false)
 7 SYSTEMPATH\Boot.php(363): CodeIgniter\CodeIgniter->run()
 8 SYSTEMPATH\Boot.php(68): CodeIgniter\Boot::runCodeIgniter(Object(CodeIgniter\CodeIgniter))
 9 FCPATH\index.php(59): CodeIgniter\Boot::bootWeb(Object(Config\Paths))
10 SYSTEMPATH\rewrite.php(44): require_once('D:\\web\\sportspace\\sportspace\\public\\index.php')
DEBUG - 2025-12-12 14:45:34 --> Session: Class initialized using 'CodeIgniter\Session\Handlers\FileHandler' driver.
DEBUG - 2025-12-12 15:28:23 --> Session: Class initialized using 'CodeIgniter\Session\Handlers\FileHandler' driver.
DEBUG - 2025-12-12 15:50:37 --> Session: Class initialized using 'CodeIgniter\Session\Handlers\FileHandler' driver.
CRITICAL - 2025-12-12 15:50:39 --> ErrorException: Undefined property: CodeIgniter\View\View::$include
[Method: GET, Route: chat]
in APPPATH\Views\pages\chat.php on line 1.
 1 APPPATH\Views\pages\chat.php(1): CodeIgniter\Debug\Exceptions->errorHandler(2, 'Undefined property: CodeIgniter\\View\\View::$include', 'D:\\web\\sportspace\\sportspace\\app\\Views\\pages\\chat.php', 1)
 2 SYSTEMPATH\View\View.php(226): include('D:\\web\\sportspace\\sportspace\\app\\Views\\pages\\chat.php')
 3 SYSTEMPATH\View\View.php(229): CodeIgniter\View\View->CodeIgniter\View\{closure}()
 4 SYSTEMPATH\Common.php(1167): CodeIgniter\View\View->render('pages/chat', [], true)
 5 APPPATH\Controllers\Chat.php(18): view('pages/chat', [...])
 6 SYSTEMPATH\CodeIgniter.php(933): App\Controllers\Chat->index()
 7 SYSTEMPATH\CodeIgniter.php(507): CodeIgniter\CodeIgniter->runController(Object(App\Controllers\Chat))
 8 SYSTEMPATH\CodeIgniter.php(354): CodeIgniter\CodeIgniter->handleRequest(null, Object(Config\Cache), false)
 9 SYSTEMPATH\Boot.php(363): CodeIgniter\CodeIgniter->run()
10 SYSTEMPATH\Boot.php(68): CodeIgniter\Boot::runCodeIgniter(Object(CodeIgniter\CodeIgniter))
11 FCPATH\index.php(59): CodeIgniter\Boot::bootWeb(Object(Config\Paths))
12 SYSTEMPATH\rewrite.php(44): require_once('D:\\web\\sportspace\\sportspace\\public\\index.php')
CRITICAL - 2025-12-12 15:50:42 --> ErrorException: Undefined property: CodeIgniter\View\View::$include
[Method: GET, Route: chat]
in APPPATH\Views\pages\chat.php on line 1.
 1 APPPATH\Views\pages\chat.php(1): CodeIgniter\Debug\Exceptions->errorHandler(2, 'Undefined property: CodeIgniter\\View\\View::$include', 'D:\\web\\sportspace\\sportspace\\app\\Views\\pages\\chat.php', 1)
 2 SYSTEMPATH\View\View.php(226): include('D:\\web\\sportspace\\sportspace\\app\\Views\\pages\\chat.php')
 3 SYSTEMPATH\View\View.php(229): CodeIgniter\View\View->CodeIgniter\View\{closure}()
 4 SYSTEMPATH\Common.php(1167): CodeIgniter\View\View->render('pages/chat', [], true)
 5 APPPATH\Controllers\Chat.php(18): view('pages/chat', [...])
 6 SYSTEMPATH\CodeIgniter.php(933): App\Controllers\Chat->index()
 7 SYSTEMPATH\CodeIgniter.php(507): CodeIgniter\CodeIgniter->runController(Object(App\Controllers\Chat))
 8 SYSTEMPATH\CodeIgniter.php(354): CodeIgniter\CodeIgniter->handleRequest(null, Object(Config\Cache), false)
 9 SYSTEMPATH\Boot.php(363): CodeIgniter\CodeIgniter->run()
10 SYSTEMPATH\Boot.php(68): CodeIgniter\Boot::runCodeIgniter(Object(CodeIgniter\CodeIgniter))
11 FCPATH\index.php(59): CodeIgniter\Boot::bootWeb(Object(Config\Paths))
12 SYSTEMPATH\rewrite.php(44): require_once('D:\\web\\sportspace\\sportspace\\public\\index.php')
CRITICAL - 2025-12-12 15:50:50 --> ErrorException: Undefined property: CodeIgniter\View\View::$include
[Method: GET, Route: chat]
in APPPATH\Views\pages\chat.php on line 1.
 1 APPPATH\Views\pages\chat.php(1): CodeIgniter\Debug\Exceptions->errorHandler(2, 'Undefined property: CodeIgniter\\View\\View::$include', 'D:\\web\\sportspace\\sportspace\\app\\Views\\pages\\chat.php', 1)
 2 SYSTEMPATH\View\View.php(226): include('D:\\web\\sportspace\\sportspace\\app\\Views\\pages\\chat.php')
 3 SYSTEMPATH\View\View.php(229): CodeIgniter\View\View->CodeIgniter\View\{closure}()
 4 SYSTEMPATH\Common.php(1167): CodeIgniter\View\View->render('pages/chat', [], true)
 5 APPPATH\Controllers\Chat.php(18): view('pages/chat', [...])
 6 SYSTEMPATH\CodeIgniter.php(933): App\Controllers\Chat->index()
 7 SYSTEMPATH\CodeIgniter.php(507): CodeIgniter\CodeIgniter->runController(Object(App\Controllers\Chat))
 8 SYSTEMPATH\CodeIgniter.php(354): CodeIgniter\CodeIgniter->handleRequest(null, Object(Config\Cache), false)
 9 SYSTEMPATH\Boot.php(363): CodeIgniter\CodeIgniter->run()
10 SYSTEMPATH\Boot.php(68): CodeIgniter\Boot::runCodeIgniter(Object(CodeIgniter\CodeIgniter))
11 FCPATH\index.php(59): CodeIgniter\Boot::bootWeb(Object(Config\Paths))
12 SYSTEMPATH\rewrite.php(44): require_once('D:\\web\\sportspace\\sportspace\\public\\index.php')
CRITICAL - 2025-12-12 15:50:51 --> ErrorException: Undefined property: CodeIgniter\View\View::$include
[Method: GET, Route: chat]
in APPPATH\Views\pages\chat.php on line 1.
 1 APPPATH\Views\pages\chat.php(1): CodeIgniter\Debug\Exceptions->errorHandler(2, 'Undefined property: CodeIgniter\\View\\View::$include', 'D:\\web\\sportspace\\sportspace\\app\\Views\\pages\\chat.php', 1)
 2 SYSTEMPATH\View\View.php(226): include('D:\\web\\sportspace\\sportspace\\app\\Views\\pages\\chat.php')
 3 SYSTEMPATH\View\View.php(229): CodeIgniter\View\View->CodeIgniter\View\{closure}()
 4 SYSTEMPATH\Common.php(1167): CodeIgniter\View\View->render('pages/chat', [], true)
 5 APPPATH\Controllers\Chat.php(18): view('pages/chat', [...])
 6 SYSTEMPATH\CodeIgniter.php(933): App\Controllers\Chat->index()
 7 SYSTEMPATH\CodeIgniter.php(507): CodeIgniter\CodeIgniter->runController(Object(App\Controllers\Chat))
 8 SYSTEMPATH\CodeIgniter.php(354): CodeIgniter\CodeIgniter->handleRequest(null, Object(Config\Cache), false)
 9 SYSTEMPATH\Boot.php(363): CodeIgniter\CodeIgniter->run()
10 SYSTEMPATH\Boot.php(68): CodeIgniter\Boot::runCodeIgniter(Object(CodeIgniter\CodeIgniter))
11 FCPATH\index.php(59): CodeIgniter\Boot::bootWeb(Object(Config\Paths))
12 SYSTEMPATH\rewrite.php(44): require_once('D:\\web\\sportspace\\sportspace\\public\\index.php')
CRITICAL - 2025-12-12 15:50:51 --> ErrorException: Undefined property: CodeIgniter\View\View::$include
[Method: GET, Route: chat]
in APPPATH\Views\pages\chat.php on line 1.
 1 APPPATH\Views\pages\chat.php(1): CodeIgniter\Debug\Exceptions->errorHandler(2, 'Undefined property: CodeIgniter\\View\\View::$include', 'D:\\web\\sportspace\\sportspace\\app\\Views\\pages\\chat.php', 1)
 2 SYSTEMPATH\View\View.php(226): include('D:\\web\\sportspace\\sportspace\\app\\Views\\pages\\chat.php')
 3 SYSTEMPATH\View\View.php(229): CodeIgniter\View\View->CodeIgniter\View\{closure}()
 4 SYSTEMPATH\Common.php(1167): CodeIgniter\View\View->render('pages/chat', [], true)
 5 APPPATH\Controllers\Chat.php(18): view('pages/chat', [...])
 6 SYSTEMPATH\CodeIgniter.php(933): App\Controllers\Chat->index()
 7 SYSTEMPATH\CodeIgniter.php(507): CodeIgniter\CodeIgniter->runController(Object(App\Controllers\Chat))
 8 SYSTEMPATH\CodeIgniter.php(354): CodeIgniter\CodeIgniter->handleRequest(null, Object(Config\Cache), false)
 9 SYSTEMPATH\Boot.php(363): CodeIgniter\CodeIgniter->run()
10 SYSTEMPATH\Boot.php(68): CodeIgniter\Boot::runCodeIgniter(Object(CodeIgniter\CodeIgniter))
11 FCPATH\index.php(59): CodeIgniter\Boot::bootWeb(Object(Config\Paths))
12 SYSTEMPATH\rewrite.php(44): require_once('D:\\web\\sportspace\\sportspace\\public\\index.php')
CRITICAL - 2025-12-12 15:50:52 --> ErrorException: Undefined property: CodeIgniter\View\View::$include
[Method: GET, Route: chat]
in APPPATH\Views\pages\chat.php on line 1.
 1 APPPATH\Views\pages\chat.php(1): CodeIgniter\Debug\Exceptions->errorHandler(2, 'Undefined property: CodeIgniter\\View\\View::$include', 'D:\\web\\sportspace\\sportspace\\app\\Views\\pages\\chat.php', 1)
 2 SYSTEMPATH\View\View.php(226): include('D:\\web\\sportspace\\sportspace\\app\\Views\\pages\\chat.php')
 3 SYSTEMPATH\View\View.php(229): CodeIgniter\View\View->CodeIgniter\View\{closure}()
 4 SYSTEMPATH\Common.php(1167): CodeIgniter\View\View->render('pages/chat', [], true)
 5 APPPATH\Controllers\Chat.php(18): view('pages/chat', [...])
 6 SYSTEMPATH\CodeIgniter.php(933): App\Controllers\Chat->index()
 7 SYSTEMPATH\CodeIgniter.php(507): CodeIgniter\CodeIgniter->runController(Object(App\Controllers\Chat))
 8 SYSTEMPATH\CodeIgniter.php(354): CodeIgniter\CodeIgniter->handleRequest(null, Object(Config\Cache), false)
 9 SYSTEMPATH\Boot.php(363): CodeIgniter\CodeIgniter->run()
10 SYSTEMPATH\Boot.php(68): CodeIgniter\Boot::runCodeIgniter(Object(CodeIgniter\CodeIgniter))
11 FCPATH\index.php(59): CodeIgniter\Boot::bootWeb(Object(Config\Paths))
12 SYSTEMPATH\rewrite.php(44): require_once('D:\\web\\sportspace\\sportspace\\public\\index.php')
CRITICAL - 2025-12-12 15:50:52 --> ErrorException: Undefined property: CodeIgniter\View\View::$include
[Method: GET, Route: chat]
in APPPATH\Views\pages\chat.php on line 1.
 1 APPPATH\Views\pages\chat.php(1): CodeIgniter\Debug\Exceptions->errorHandler(2, 'Undefined property: CodeIgniter\\View\\View::$include', 'D:\\web\\sportspace\\sportspace\\app\\Views\\pages\\chat.php', 1)
 2 SYSTEMPATH\View\View.php(226): include('D:\\web\\sportspace\\sportspace\\app\\Views\\pages\\chat.php')
 3 SYSTEMPATH\View\View.php(229): CodeIgniter\View\View->CodeIgniter\View\{closure}()
 4 SYSTEMPATH\Common.php(1167): CodeIgniter\View\View->render('pages/chat', [], true)
 5 APPPATH\Controllers\Chat.php(18): view('pages/chat', [...])
 6 SYSTEMPATH\CodeIgniter.php(933): App\Controllers\Chat->index()
 7 SYSTEMPATH\CodeIgniter.php(507): CodeIgniter\CodeIgniter->runController(Object(App\Controllers\Chat))
 8 SYSTEMPATH\CodeIgniter.php(354): CodeIgniter\CodeIgniter->handleRequest(null, Object(Config\Cache), false)
 9 SYSTEMPATH\Boot.php(363): CodeIgniter\CodeIgniter->run()
10 SYSTEMPATH\Boot.php(68): CodeIgniter\Boot::runCodeIgniter(Object(CodeIgniter\CodeIgniter))
11 FCPATH\index.php(59): CodeIgniter\Boot::bootWeb(Object(Config\Paths))
12 SYSTEMPATH\rewrite.php(44): require_once('D:\\web\\sportspace\\sportspace\\public\\index.php')
CRITICAL - 2025-12-12 15:50:53 --> ErrorException: Undefined property: CodeIgniter\View\View::$include
[Method: GET, Route: chat]
in APPPATH\Views\pages\chat.php on line 1.
 1 APPPATH\Views\pages\chat.php(1): CodeIgniter\Debug\Exceptions->errorHandler(2, 'Undefined property: CodeIgniter\\View\\View::$include', 'D:\\web\\sportspace\\sportspace\\app\\Views\\pages\\chat.php', 1)
 2 SYSTEMPATH\View\View.php(226): include('D:\\web\\sportspace\\sportspace\\app\\Views\\pages\\chat.php')
 3 SYSTEMPATH\View\View.php(229): CodeIgniter\View\View->CodeIgniter\View\{closure}()
 4 SYSTEMPATH\Common.php(1167): CodeIgniter\View\View->render('pages/chat', [], true)
 5 APPPATH\Controllers\Chat.php(18): view('pages/chat', [...])
 6 SYSTEMPATH\CodeIgniter.php(933): App\Controllers\Chat->index()
 7 SYSTEMPATH\CodeIgniter.php(507): CodeIgniter\CodeIgniter->runController(Object(App\Controllers\Chat))
 8 SYSTEMPATH\CodeIgniter.php(354): CodeIgniter\CodeIgniter->handleRequest(null, Object(Config\Cache), false)
 9 SYSTEMPATH\Boot.php(363): CodeIgniter\CodeIgniter->run()
10 SYSTEMPATH\Boot.php(68): CodeIgniter\Boot::runCodeIgniter(Object(CodeIgniter\CodeIgniter))
11 FCPATH\index.php(59): CodeIgniter\Boot::bootWeb(Object(Config\Paths))
12 SYSTEMPATH\rewrite.php(44): require_once('D:\\web\\sportspace\\sportspace\\public\\index.php')
CRITICAL - 2025-12-12 15:50:53 --> ErrorException: Undefined property: CodeIgniter\View\View::$include
[Method: GET, Route: chat]
in APPPATH\Views\pages\chat.php on line 1.
 1 APPPATH\Views\pages\chat.php(1): CodeIgniter\Debug\Exceptions->errorHandler(2, 'Undefined property: CodeIgniter\\View\\View::$include', 'D:\\web\\sportspace\\sportspace\\app\\Views\\pages\\chat.php', 1)
 2 SYSTEMPATH\View\View.php(226): include('D:\\web\\sportspace\\sportspace\\app\\Views\\pages\\chat.php')
 3 SYSTEMPATH\View\View.php(229): CodeIgniter\View\View->CodeIgniter\View\{closure}()
 4 SYSTEMPATH\Common.php(1167): CodeIgniter\View\View->render('pages/chat', [], true)
 5 APPPATH\Controllers\Chat.php(18): view('pages/chat', [...])
 6 SYSTEMPATH\CodeIgniter.php(933): App\Controllers\Chat->index()
 7 SYSTEMPATH\CodeIgniter.php(507): CodeIgniter\CodeIgniter->runController(Object(App\Controllers\Chat))
 8 SYSTEMPATH\CodeIgniter.php(354): CodeIgniter\CodeIgniter->handleRequest(null, Object(Config\Cache), false)
 9 SYSTEMPATH\Boot.php(363): CodeIgniter\CodeIgniter->run()
10 SYSTEMPATH\Boot.php(68): CodeIgniter\Boot::runCodeIgniter(Object(CodeIgniter\CodeIgniter))
11 FCPATH\index.php(59): CodeIgniter\Boot::bootWeb(Object(Config\Paths))
12 SYSTEMPATH\rewrite.php(44): require_once('D:\\web\\sportspace\\sportspace\\public\\index.php')
CRITICAL - 2025-12-12 15:50:54 --> ErrorException: Undefined property: CodeIgniter\View\View::$include
[Method: GET, Route: chat]
in APPPATH\Views\pages\chat.php on line 1.
 1 APPPATH\Views\pages\chat.php(1): CodeIgniter\Debug\Exceptions->errorHandler(2, 'Undefined property: CodeIgniter\\View\\View::$include', 'D:\\web\\sportspace\\sportspace\\app\\Views\\pages\\chat.php', 1)
 2 SYSTEMPATH\View\View.php(226): include('D:\\web\\sportspace\\sportspace\\app\\Views\\pages\\chat.php')
 3 SYSTEMPATH\View\View.php(229): CodeIgniter\View\View->CodeIgniter\View\{closure}()
 4 SYSTEMPATH\Common.php(1167): CodeIgniter\View\View->render('pages/chat', [], true)
 5 APPPATH\Controllers\Chat.php(18): view('pages/chat', [...])
 6 SYSTEMPATH\CodeIgniter.php(933): App\Controllers\Chat->index()
 7 SYSTEMPATH\CodeIgniter.php(507): CodeIgniter\CodeIgniter->runController(Object(App\Controllers\Chat))
 8 SYSTEMPATH\CodeIgniter.php(354): CodeIgniter\CodeIgniter->handleRequest(null, Object(Config\Cache), false)
 9 SYSTEMPATH\Boot.php(363): CodeIgniter\CodeIgniter->run()
10 SYSTEMPATH\Boot.php(68): CodeIgniter\Boot::runCodeIgniter(Object(CodeIgniter\CodeIgniter))
11 FCPATH\index.php(59): CodeIgniter\Boot::bootWeb(Object(Config\Paths))
12 SYSTEMPATH\rewrite.php(44): require_once('D:\\web\\sportspace\\sportspace\\public\\index.php')
CRITICAL - 2025-12-12 15:50:54 --> ErrorException: Undefined property: CodeIgniter\View\View::$include
[Method: GET, Route: chat]
in APPPATH\Views\pages\chat.php on line 1.
 1 APPPATH\Views\pages\chat.php(1): CodeIgniter\Debug\Exceptions->errorHandler(2, 'Undefined property: CodeIgniter\\View\\View::$include', 'D:\\web\\sportspace\\sportspace\\app\\Views\\pages\\chat.php', 1)
 2 SYSTEMPATH\View\View.php(226): include('D:\\web\\sportspace\\sportspace\\app\\Views\\pages\\chat.php')
 3 SYSTEMPATH\View\View.php(229): CodeIgniter\View\View->CodeIgniter\View\{closure}()
 4 SYSTEMPATH\Common.php(1167): CodeIgniter\View\View->render('pages/chat', [], true)
 5 APPPATH\Controllers\Chat.php(18): view('pages/chat', [...])
 6 SYSTEMPATH\CodeIgniter.php(933): App\Controllers\Chat->index()
 7 SYSTEMPATH\CodeIgniter.php(507): CodeIgniter\CodeIgniter->runController(Object(App\Controllers\Chat))
 8 SYSTEMPATH\CodeIgniter.php(354): CodeIgniter\CodeIgniter->handleRequest(null, Object(Config\Cache), false)
 9 SYSTEMPATH\Boot.php(363): CodeIgniter\CodeIgniter->run()
10 SYSTEMPATH\Boot.php(68): CodeIgniter\Boot::runCodeIgniter(Object(CodeIgniter\CodeIgniter))
11 FCPATH\index.php(59): CodeIgniter\Boot::bootWeb(Object(Config\Paths))
12 SYSTEMPATH\rewrite.php(44): require_once('D:\\web\\sportspace\\sportspace\\public\\index.php')
CRITICAL - 2025-12-12 15:51:21 --> ErrorException: Undefined property: CodeIgniter\View\View::$include
[Method: GET, Route: chat]
in APPPATH\Views\pages\chat.php on line 1.
 1 APPPATH\Views\pages\chat.php(1): CodeIgniter\Debug\Exceptions->errorHandler(2, 'Undefined property: CodeIgniter\\View\\View::$include', 'D:\\web\\sportspace\\sportspace\\app\\Views\\pages\\chat.php', 1)
 2 SYSTEMPATH\View\View.php(226): include('D:\\web\\sportspace\\sportspace\\app\\Views\\pages\\chat.php')
 3 SYSTEMPATH\View\View.php(229): CodeIgniter\View\View->CodeIgniter\View\{closure}()
 4 SYSTEMPATH\Common.php(1167): CodeIgniter\View\View->render('pages/chat', [], true)
 5 APPPATH\Controllers\Chat.php(18): view('pages/chat', [...])
 6 SYSTEMPATH\CodeIgniter.php(933): App\Controllers\Chat->index()
 7 SYSTEMPATH\CodeIgniter.php(507): CodeIgniter\CodeIgniter->runController(Object(App\Controllers\Chat))
 8 SYSTEMPATH\CodeIgniter.php(354): CodeIgniter\CodeIgniter->handleRequest(null, Object(Config\Cache), false)
 9 SYSTEMPATH\Boot.php(363): CodeIgniter\CodeIgniter->run()
10 SYSTEMPATH\Boot.php(68): CodeIgniter\Boot::runCodeIgniter(Object(CodeIgniter\CodeIgniter))
11 FCPATH\index.php(59): CodeIgniter\Boot::bootWeb(Object(Config\Paths))
12 SYSTEMPATH\rewrite.php(44): require_once('D:\\web\\sportspace\\sportspace\\public\\index.php')
CRITICAL - 2025-12-12 15:51:25 --> ErrorException: Undefined property: CodeIgniter\View\View::$include
[Method: GET, Route: chat]
in APPPATH\Views\pages\chat.php on line 1.
 1 APPPATH\Views\pages\chat.php(1): CodeIgniter\Debug\Exceptions->errorHandler(2, 'Undefined property: CodeIgniter\\View\\View::$include', 'D:\\web\\sportspace\\sportspace\\app\\Views\\pages\\chat.php', 1)
 2 SYSTEMPATH\View\View.php(226): include('D:\\web\\sportspace\\sportspace\\app\\Views\\pages\\chat.php')
 3 SYSTEMPATH\View\View.php(229): CodeIgniter\View\View->CodeIgniter\View\{closure}()
 4 SYSTEMPATH\Common.php(1167): CodeIgniter\View\View->render('pages/chat', [], true)
 5 APPPATH\Controllers\Chat.php(18): view('pages/chat', [...])
 6 SYSTEMPATH\CodeIgniter.php(933): App\Controllers\Chat->index()
 7 SYSTEMPATH\CodeIgniter.php(507): CodeIgniter\CodeIgniter->runController(Object(App\Controllers\Chat))
 8 SYSTEMPATH\CodeIgniter.php(354): CodeIgniter\CodeIgniter->handleRequest(null, Object(Config\Cache), false)
 9 SYSTEMPATH\Boot.php(363): CodeIgniter\CodeIgniter->run()
10 SYSTEMPATH\Boot.php(68): CodeIgniter\Boot::runCodeIgniter(Object(CodeIgniter\CodeIgniter))
11 FCPATH\index.php(59): CodeIgniter\Boot::bootWeb(Object(Config\Paths))
12 SYSTEMPATH\rewrite.php(44): require_once('D:\\web\\sportspace\\sportspace\\public\\index.php')
CRITICAL - 2025-12-12 15:51:25 --> ErrorException: Undefined property: CodeIgniter\View\View::$include
[Method: GET, Route: chat]
in APPPATH\Views\pages\chat.php on line 1.
 1 APPPATH\Views\pages\chat.php(1): CodeIgniter\Debug\Exceptions->errorHandler(2, 'Undefined property: CodeIgniter\\View\\View::$include', 'D:\\web\\sportspace\\sportspace\\app\\Views\\pages\\chat.php', 1)
 2 SYSTEMPATH\View\View.php(226): include('D:\\web\\sportspace\\sportspace\\app\\Views\\pages\\chat.php')
 3 SYSTEMPATH\View\View.php(229): CodeIgniter\View\View->CodeIgniter\View\{closure}()
 4 SYSTEMPATH\Common.php(1167): CodeIgniter\View\View->render('pages/chat', [], true)
 5 APPPATH\Controllers\Chat.php(18): view('pages/chat', [...])
 6 SYSTEMPATH\CodeIgniter.php(933): App\Controllers\Chat->index()
 7 SYSTEMPATH\CodeIgniter.php(507): CodeIgniter\CodeIgniter->runController(Object(App\Controllers\Chat))
 8 SYSTEMPATH\CodeIgniter.php(354): CodeIgniter\CodeIgniter->handleRequest(null, Object(Config\Cache), false)
 9 SYSTEMPATH\Boot.php(363): CodeIgniter\CodeIgniter->run()
10 SYSTEMPATH\Boot.php(68): CodeIgniter\Boot::runCodeIgniter(Object(CodeIgniter\CodeIgniter))
11 FCPATH\index.php(59): CodeIgniter\Boot::bootWeb(Object(Config\Paths))
12 SYSTEMPATH\rewrite.php(44): require_once('D:\\web\\sportspace\\sportspace\\public\\index.php')
CRITICAL - 2025-12-12 15:51:25 --> ErrorException: Undefined property: CodeIgniter\View\View::$include
[Method: GET, Route: chat]
in APPPATH\Views\pages\chat.php on line 1.
 1 APPPATH\Views\pages\chat.php(1): CodeIgniter\Debug\Exceptions->errorHandler(2, 'Undefined property: CodeIgniter\\View\\View::$include', 'D:\\web\\sportspace\\sportspace\\app\\Views\\pages\\chat.php', 1)
 2 SYSTEMPATH\View\View.php(226): include('D:\\web\\sportspace\\sportspace\\app\\Views\\pages\\chat.php')
 3 SYSTEMPATH\View\View.php(229): CodeIgniter\View\View->CodeIgniter\View\{closure}()
 4 SYSTEMPATH\Common.php(1167): CodeIgniter\View\View->render('pages/chat', [], true)
 5 APPPATH\Controllers\Chat.php(18): view('pages/chat', [...])
 6 SYSTEMPATH\CodeIgniter.php(933): App\Controllers\Chat->index()
 7 SYSTEMPATH\CodeIgniter.php(507): CodeIgniter\CodeIgniter->runController(Object(App\Controllers\Chat))
 8 SYSTEMPATH\CodeIgniter.php(354): CodeIgniter\CodeIgniter->handleRequest(null, Object(Config\Cache), false)
 9 SYSTEMPATH\Boot.php(363): CodeIgniter\CodeIgniter->run()
10 SYSTEMPATH\Boot.php(68): CodeIgniter\Boot::runCodeIgniter(Object(CodeIgniter\CodeIgniter))
11 FCPATH\index.php(59): CodeIgniter\Boot::bootWeb(Object(Config\Paths))
12 SYSTEMPATH\rewrite.php(44): require_once('D:\\web\\sportspace\\sportspace\\public\\index.php')
DEBUG - 2025-12-12 15:56:24 --> Session: Class initialized using 'CodeIgniter\Session\Handlers\FileHandler' driver.
DEBUG - 2025-12-12 15:56:44 --> Session: Class initialized using 'CodeIgniter\Session\Handlers\FileHandler' driver.
DEBUG - 2025-12-12 15:56:47 --> Session: Class initialized using 'CodeIgniter\Session\Handlers\FileHandler' driver.
DEBUG - 2025-12-12 15:56:56 --> Session: Class initialized using 'CodeIgniter\Session\Handlers\FileHandler' driver.
DEBUG - 2025-12-12 15:56:56 --> Session: Class initialized using 'CodeIgniter\Session\Handlers\FileHandler' driver.
DEBUG - 2025-12-12 15:57:10 --> Session: Class initialized using 'CodeIgniter\Session\Handlers\FileHandler' driver.
DEBUG - 2025-12-12 15:57:11 --> Session: Class initialized using 'CodeIgniter\Session\Handlers\FileHandler' driver.
DEBUG - 2025-12-12 15:57:20 --> Session: Class initialized using 'CodeIgniter\Session\Handlers\FileHandler' driver.
DEBUG - 2025-12-12 15:57:20 --> Session: Class initialized using 'CodeIgniter\Session\Handlers\FileHandler' driver.
DEBUG - 2025-12-12 15:57:33 --> Session: Class initialized using 'CodeIgniter\Session\Handlers\FileHandler' driver.
DEBUG - 2025-12-12 15:57:33 --> Session: Class initialized using 'CodeIgniter\Session\Handlers\FileHandler' driver.
DEBUG - 2025-12-12 15:57:43 --> Session: Class initialized using 'CodeIgniter\Session\Handlers\FileHandler' driver.
DEBUG - 2025-12-12 15:57:43 --> Session: Class initialized using 'CodeIgniter\Session\Handlers\FileHandler' driver.
DEBUG - 2025-12-12 15:57:49 --> Session: Class initialized using 'CodeIgniter\Session\Handlers\FileHandler' driver.
DEBUG - 2025-12-12 15:57:49 --> Session: Class initialized using 'CodeIgniter\Session\Handlers\FileHandler' driver.
DEBUG - 2025-12-12 15:57:56 --> Session: Class initialized using 'CodeIgniter\Session\Handlers\FileHandler' driver.
DEBUG - 2025-12-12 15:57:56 --> Session: Class initialized using 'CodeIgniter\Session\Handlers\FileHandler' driver.
DEBUG - 2025-12-12 15:58:02 --> Session: Class initialized using 'CodeIgniter\Session\Handlers\FileHandler' driver.
DEBUG - 2025-12-12 15:58:02 --> Session: Class initialized using 'CodeIgniter\Session\Handlers\FileHandler' driver.
DEBUG - 2025-12-12 15:58:12 --> Session: Class initialized using 'CodeIgniter\Session\Handlers\FileHandler' driver.
DEBUG - 2025-12-12 15:58:12 --> Session: Class initialized using 'CodeIgniter\Session\Handlers\FileHandler' driver.
DEBUG - 2025-12-12 15:58:19 --> Session: Class initialized using 'CodeIgniter\Session\Handlers\FileHandler' driver.
DEBUG - 2025-12-12 15:58:19 --> Session: Class initialized using 'CodeIgniter\Session\Handlers\FileHandler' driver.
DEBUG - 2025-12-12 15:58:44 --> Session: Class initialized using 'CodeIgniter\Session\Handlers\FileHandler' driver.
